// Jest Snapshot v1, https://goo.gl/fbAQLP

exports[`should render privateRoute 1`] = `
<Route
  component={[Function]}
/>
`;
