// Jest Snapshot v1, https://goo.gl/fbAQLP

exports[`should render dashboardPage 1`] = `
<div>
  <h1>
    Dashboard Page
  </h1>
  <Connect(EquipmentList) />
</div>
`;
