// Jest Snapshot v1, https://goo.gl/fbAQLP

exports[`should render Equipment List 1`] = `
<WithStyles(Paper)>
  <h3>
    EquipmentList
  </h3>
  <WithStyles(Table)>
    <WithStyles(TableHead)>
      <WithStyles(TableRow)>
        <WithStyles(TableCell)>
          <WithStyles(Checkbox) />
        </WithStyles(TableCell)>
        <WithStyles(TableCell)
          key="quantity"
        >
          <WithStyles(Tooltip)
            enterDelay={300}
            placement="bottom-end"
            title="Trier"
          >
            <WithStyles(TableSortLabel)
              active={false}
              direction="asc"
              onClick={[Function]}
            >
              Quantit√©
            </WithStyles(TableSortLabel)>
          </WithStyles(Tooltip)>
        </WithStyles(TableCell)>
        <WithStyles(TableCell)
          key="name"
        >
          <WithStyles(Tooltip)
            enterDelay={300}
            placement="bottom-end"
            title="Trier"
          >
            <WithStyles(TableSortLabel)
              active={false}
              direction="asc"
              onClick={[Function]}
            >
              Nom
            </WithStyles(TableSortLabel)>
          </WithStyles(Tooltip)>
        </WithStyles(TableCell)>
        <WithStyles(TableCell)
          key="description"
        >
          <WithStyles(Tooltip)
            enterDelay={300}
            placement="bottom-end"
            title="Trier"
          >
            <WithStyles(TableSortLabel)
              active={false}
              direction="asc"
              onClick={[Function]}
            >
              Description
            </WithStyles(TableSortLabel)>
          </WithStyles(Tooltip)>
        </WithStyles(TableCell)>
        <WithStyles(TableCell) />
      </WithStyles(TableRow)>
    </WithStyles(TableHead)>
    <WithStyles(TableBody)
      key="OJZIJDOIJAOD-body"
    >
      <Connect(Component)
        equipment={
          Object {
            "category": "microphone",
            "id": "OJZIJDOIJAOD",
            "parentId": null,
            "parentName": null,
            "quantity": 1,
            "stockName": "sm57",
          }
        }
        key="OJZIJDOIJAOD"
      />
    </WithStyles(TableBody)>
    <WithStyles(TableBody)
      key="OIJZUZKXKZ-body"
    >
      <Connect(Component)
        equipment={
          Object {
            "category": "microphone",
            "id": "OIJZUZKXKZ",
            "parentId": null,
            "parentName": null,
            "quantity": 1,
            "stockName": "B91",
          }
        }
        key="OIJZUZKXKZ"
      />
    </WithStyles(TableBody)>
    <WithStyles(TableBody)
      key="POIUYNBVBCFD-body"
    >
      <Connect(Component)
        equipment={
          Object {
            "category": "microphone",
            "id": "POIUYNBVBCFD",
            "parentId": null,
            "parentName": null,
            "quantity": 5,
            "stockName": "B52",
          }
        }
        key="POIUYNBVBCFD"
      />
    </WithStyles(TableBody)>
    <Connect(Component)
      key="PIUTRELJJGFHD"
      kit={
        Object {
          "category": "kit",
          "id": "PIUTRELJJGFHD",
          "parentId": null,
          "parentName": null,
          "quantity": 1,
          "stockName": "kit1",
        }
      }
    >
      <Connect(Component)
        equipment={
          Object {
            "category": "microphone",
            "id": "JHDJZJNZOCN",
            "parentId": "PIUTRELJJGFHD",
            "parentName": "kit1",
            "quantity": 3,
            "stockName": "sm57",
          }
        }
        key="JHDJZJNZOCN"
      />
      <Connect(Component)
        equipment={
          Object {
            "category": "microphone",
            "id": "UATEREGEBDNK",
            "parentId": "PIUTRELJJGFHD",
            "parentName": "kit1",
            "quantity": 10,
            "stockName": "B52",
          }
        }
        key="UATEREGEBDNK"
      />
      <Connect(Component)
        equipment={
          Object {
            "category": "microphone",
            "id": "POIAYLKJSDB",
            "parentId": "PIUTRELJJGFHD",
            "parentName": "kit1",
            "quantity": 5,
            "stockName": "B91",
          }
        }
        key="POIAYLKJSDB"
      />
    </Connect(Component)>
    <Connect(Component) />
  </WithStyles(Table)>
</WithStyles(Paper)>
`;
