// Jest Snapshot v1, https://goo.gl/fbAQLP

exports[`should render profile page 1`] = `
<div>
  <h1>
    ProfilePage
  </h1>
  <WithStyles(WithFormControlContext(Select))
    native={true}
    onChange={[Function]}
  />
</div>
`;
