// Jest Snapshot v1, https://goo.gl/fbAQLP

exports[`should render ProjectPicker 1`] = `
<WithStyles(WithFormControlContext(Select))
  native={true}
  onChange={[Function]}
  value="idp1"
>
  <option
    key="option-title-select"
    value=""
  >
    Selectionner
  </option>
  <option
    key="idp1"
    value="idp1"
  >
    projet1
  </option>
  <option
    key="idp2"
    value="idp2"
  >
    projet2
  </option>
  <option
    key="option-create"
    value="create"
  >
    Cr√©er
  </option>
  <option
    key="option-remove"
    value="remove"
  >
    Supprimer
  </option>
</WithStyles(WithFormControlContext(Select))>
`;
